// Jest Snapshot v1, https://goo.gl/fbAQLP

exports[`<Home /> shoud render the heading 1`] = `
<main
  class=""
>
  <h1>
    Home
  </h1>
</main>
`;
